2026.06.05 09:17:40 INFO  Started: Metals version 1.6.7 in folders '/home/arunvarshan/ADSProject/02_ALU' for client Visual Studio Code 1.123.0.[0m
2026.06.05 09:17:40 INFO  Memory monitor started[0m
2026.06.05 09:17:41 WARN  Using H2 2.4.240 which is newer than the version Flyway has been verified with. The latest verified version of H2 is 2.3.232.[0m
2026.06.05 09:17:41 INFO  no build target found for /home/arunvarshan/ADSProject/02_ALU/src/main/scala/ALU.scala. Using presentation compiler with project's scala-library version: 3.3.7[0m
2026.06.05 09:17:43 INFO  no build target found for /home/arunvarshan/ADSProject/02_ALU/src/main/scala/ALU.scala. Using presentation compiler with project's scala-library version: 3.3.7[0m
Jun 05, 2026 9:17:43 AM org.eclipse.lsp4j.jsonrpc.RemoteEndpoint handleCancellation
WARNING: Unmatched cancel notification for request id 1
Jun 05, 2026 9:17:43 AM org.eclipse.lsp4j.jsonrpc.RemoteEndpoint handleCancellation
WARNING: Unmatched cancel notification for request id 6
Jun 05, 2026 9:17:43 AM org.eclipse.lsp4j.jsonrpc.RemoteEndpoint handleCancellation
WARNING: Unmatched cancel notification for request id 3
2026.06.05 09:17:43 INFO  no build target found for /home/arunvarshan/ADSProject/02_ALU/src/main/scala/ALU.scala. Using presentation compiler with project's scala-library version: 3.3.7[0m
Exception in thread "pool-4-thread-1" java.lang.InterruptedException
	at scala.meta.internal.metals.FutureCancelToken.checkCanceled(FutureCancelToken.scala:29)
	at scala.meta.internal.pc.CompilerAccess.onCompilerJobQueue$$anonfun$1(CompilerAccess.scala:208)
	at scala.meta.internal.pc.CompilerJobQueue$Job.run(CompilerJobQueue.scala:153)
	at java.base/java.util.concurrent.ThreadPoolExecutor.runWorker(ThreadPoolExecutor.java:1136)
	at java.base/java.util.concurrent.ThreadPoolExecutor$Worker.run(ThreadPoolExecutor.java:635)
	at java.base/java.lang.Thread.run(Thread.java:840)
2026.06.05 09:17:43 INFO  no build target found for /home/arunvarshan/ADSProject/02_ALU/src/test/scala/alu_tb.scala. Using presentation compiler with project's scala-library version: 3.3.7[0m
Jun 05, 2026 9:17:44 AM org.eclipse.lsp4j.jsonrpc.RemoteEndpoint handleCancellation
WARNING: Unmatched cancel notification for request id 8
2026.06.05 09:17:44 INFO  no build target found for /home/arunvarshan/ADSProject/02_ALU/src/test/scala/alu_tb.scala. Using presentation compiler with project's scala-library version: 3.3.7[0m
2026.06.05 09:17:43 INFO  no build target found for /home/arunvarshan/ADSProject/02_ALU/src/test/scala/alu_tb.scala. Using presentation compiler with project's scala-library version: 3.3.7[0m
Jun 05, 2026 9:17:44 AM org.eclipse.lsp4j.jsonrpc.RemoteEndpoint handleCancellation
WARNING: Unmatched cancel notification for request id 11
2026.06.05 09:28:48 INFO  no build target found for /home/arunvarshan/ADSProject/02_ALU/src/test/scala/alu_tb.scala. Using presentation compiler with project's scala-library version: 3.3.7[0m
2026.06.05 09:31:45 INFO  no build target found for /home/arunvarshan/ADSProject/02_ALU/src/main/scala/ALU.scala. Using presentation compiler with project's scala-library version: 3.3.7[0m
Jun 05, 2026 9:31:45 AM org.eclipse.lsp4j.jsonrpc.RemoteEndpoint handleCancellation
WARNING: Unmatched cancel notification for request id 18
2026.06.05 09:31:45 INFO  no build target found for /home/arunvarshan/ADSProject/02_ALU/src/main/scala/ALU.scala. Using presentation compiler with project's scala-library version: 3.3.7[0m
2026.06.05 09:31:45 INFO  no build target found for /home/arunvarshan/ADSProject/02_ALU/src/main/scala/ALU.scala. Using presentation compiler with project's scala-library version: 3.3.7[0m
2026.06.05 09:32:14 INFO  no build target found for /home/arunvarshan/ADSProject/02_ALU/src/main/scala/ALU.scala. Using presentation compiler with project's scala-library version: 3.3.7[0m
2026.06.05 09:32:14 INFO  no build target found for /home/arunvarshan/ADSProject/02_ALU/src/main/scala/ALU.scala. Using presentation compiler with project's scala-library version: 3.3.7[0m
2026.06.05 09:32:14 INFO  no build target found for /home/arunvarshan/ADSProject/02_ALU/src/main/scala/ALU.scala. Using presentation compiler with project's scala-library version: 3.3.7[0m
2026.06.05 09:32:15 INFO  no build target found for /home/arunvarshan/ADSProject/02_ALU/src/main/scala/ALU.scala. Using presentation compiler with project's scala-library version: 3.3.7[0m
2026.06.05 09:32:15 INFO  no build target found for /home/arunvarshan/ADSProject/02_ALU/src/main/scala/ALU.scala. Using presentation compiler with project's scala-library version: 3.3.7[0m
2026.06.05 09:32:24 INFO  no build target found for /home/arunvarshan/ADSProject/02_ALU/src/main/scala/ALU.scala. Using presentation compiler with project's scala-library version: 3.3.7[0m
2026.06.05 09:32:24 INFO  no build target found for /home/arunvarshan/ADSProject/02_ALU/src/test/scala/alu_tb.scala. Using presentation compiler with project's scala-library version: 3.3.7[0m
Jun 05, 2026 9:32:24 AM org.eclipse.lsp4j.jsonrpc.RemoteEndpoint handleCancellation
WARNING: Unmatched cancel notification for request id 53
2026.06.05 09:32:24 INFO  no build target found for /home/arunvarshan/ADSProject/02_ALU/src/test/scala/alu_tb.scala. Using presentation compiler with project's scala-library version: 3.3.7[0m
2026.06.05 09:32:24 INFO  no build target found for /home/arunvarshan/ADSProject/02_ALU/src/test/scala/alu_tb.scala. Using presentation compiler with project's scala-library version: 3.3.7[0m
2026.06.05 09:32:30 INFO  no build target found for /home/arunvarshan/ADSProject/02_ALU/src/test/scala/alu_tb.scala. Using presentation compiler with project's scala-library version: 3.3.7[0m
2026.06.05 09:34:21 INFO  no build target found for /home/arunvarshan/ADSProject/02_ALU/src/test/scala/alu_tb.scala. Using presentation compiler with project's scala-library version: 3.3.7[0m
2026.06.05 09:34:24 INFO  no build target found for /home/arunvarshan/ADSProject/02_ALU/src/test/scala/alu_tb.scala. Using presentation compiler with project's scala-library version: 3.3.7[0m
2026.06.05 09:34:24 INFO  no build target found for /home/arunvarshan/ADSProject/02_ALU/src/test/scala/alu_tb.scala. Using presentation compiler with project's scala-library version: 3.3.7[0m
2026.06.05 09:34:29 INFO  no build target found for /home/arunvarshan/ADSProject/02_ALU/src/test/scala/alu_tb.scala. Using presentation compiler with project's scala-library version: 3.3.7[0m
2026.06.05 09:34:29 INFO  no build target found for /home/arunvarshan/ADSProject/02_ALU/src/test/scala/alu_tb.scala. Using presentation compiler with project's scala-library version: 3.3.7[0m
2026.06.05 09:34:29 INFO  no build target found for /home/arunvarshan/ADSProject/02_ALU/src/test/scala/alu_tb.scala. Using presentation compiler with project's scala-library version: 3.3.7[0m
2026.06.05 09:34:29 INFO  no build target found for /home/arunvarshan/ADSProject/02_ALU/src/test/scala/alu_tb.scala. Using presentation compiler with project's scala-library version: 3.3.7[0m
2026.06.05 09:34:30 INFO  no build target found for /home/arunvarshan/ADSProject/02_ALU/src/test/scala/alu_tb.scala. Using presentation compiler with project's scala-library version: 3.3.7[0m
2026.06.05 09:34:30 INFO  no build target found for /home/arunvarshan/ADSProject/02_ALU/src/test/scala/alu_tb.scala. Using presentation compiler with project's scala-library version: 3.3.7[0m
2026.06.05 09:34:30 INFO  no build target found for /home/arunvarshan/ADSProject/02_ALU/src/test/scala/alu_tb.scala. Using presentation compiler with project's scala-library version: 3.3.7[0m
2026.06.05 09:34:30 INFO  no build target found for /home/arunvarshan/ADSProject/02_ALU/src/test/scala/alu_tb.scala. Using presentation compiler with project's scala-library version: 3.3.7[0m
2026.06.05 09:34:30 INFO  no build target found for /home/arunvarshan/ADSProject/02_ALU/src/test/scala/alu_tb.scala. Using presentation compiler with project's scala-library version: 3.3.7[0m
2026.06.05 09:34:31 INFO  no build target found for /home/arunvarshan/ADSProject/02_ALU/src/test/scala/alu_tb.scala. Using presentation compiler with project's scala-library version: 3.3.7[0m
2026.06.05 09:34:31 INFO  no build target found for /home/arunvarshan/ADSProject/02_ALU/src/test/scala/alu_tb.scala. Using presentation compiler with project's scala-library version: 3.3.7[0m
2026.06.05 09:34:31 INFO  no build target found for /home/arunvarshan/ADSProject/02_ALU/src/test/scala/alu_tb.scala. Using presentation compiler with project's scala-library version: 3.3.7[0m
2026.06.05 09:34:31 INFO  no build target found for /home/arunvarshan/ADSProject/02_ALU/src/test/scala/alu_tb.scala. Using presentation compiler with project's scala-library version: 3.3.7[0m
2026.06.05 09:34:32 INFO  no build target found for /home/arunvarshan/ADSProject/02_ALU/src/test/scala/alu_tb.scala. Using presentation compiler with project's scala-library version: 3.3.7[0m
2026.06.05 09:34:32 INFO  no build target found for /home/arunvarshan/ADSProject/02_ALU/src/test/scala/alu_tb.scala. Using presentation compiler with project's scala-library version: 3.3.7[0m
2026.06.05 09:34:32 INFO  no build target found for /home/arunvarshan/ADSProject/02_ALU/src/test/scala/alu_tb.scala. Using presentation compiler with project's scala-library version: 3.3.7[0m
2026.06.05 09:34:32 INFO  no build target found for /home/arunvarshan/ADSProject/02_ALU/src/test/scala/alu_tb.scala. Using presentation compiler with project's scala-library version: 3.3.7[0m
2026.06.05 09:34:32 INFO  no build target found for /home/arunvarshan/ADSProject/02_ALU/src/test/scala/alu_tb.scala. Using presentation compiler with project's scala-library version: 3.3.7[0m
2026.06.05 09:34:32 INFO  no build target found for /home/arunvarshan/ADSProject/02_ALU/src/test/scala/alu_tb.scala. Using presentation compiler with project's scala-library version: 3.3.7[0m
2026.06.05 09:34:32 INFO  no build target found for /home/arunvarshan/ADSProject/02_ALU/src/test/scala/alu_tb.scala. Using presentation compiler with project's scala-library version: 3.3.7[0m
2026.06.05 09:34:33 INFO  no build target found for /home/arunvarshan/ADSProject/02_ALU/src/test/scala/alu_tb.scala. Using presentation compiler with project's scala-library version: 3.3.7[0m
2026.06.05 09:34:33 INFO  no build target found for /home/arunvarshan/ADSProject/02_ALU/src/test/scala/alu_tb.scala. Using presentation compiler with project's scala-library version: 3.3.7[0m
2026.06.05 09:34:35 INFO  no build target found for /home/arunvarshan/ADSProject/02_ALU/src/test/scala/alu_tb.scala. Using presentation compiler with project's scala-library version: 3.3.7[0m
2026.06.05 09:34:35 INFO  no build target found for /home/arunvarshan/ADSProject/02_ALU/src/test/scala/alu_tb.scala. Using presentation compiler with project's scala-library version: 3.3.7[0m
2026.06.05 09:34:35 INFO  no build target found for /home/arunvarshan/ADSProject/02_ALU/src/test/scala/alu_tb.scala. Using presentation compiler with project's scala-library version: 3.3.7[0m
2026.06.05 09:34:36 INFO  no build target found for /home/arunvarshan/ADSProject/02_ALU/src/test/scala/alu_tb.scala. Using presentation compiler with project's scala-library version: 3.3.7[0m
2026.06.05 09:34:35 INFO  no build target found for /home/arunvarshan/ADSProject/02_ALU/src/test/scala/alu_tb.scala. Using presentation compiler with project's scala-library version: 3.3.7[0m
2026.06.05 09:34:35 INFO  no build target found for /home/arunvarshan/ADSProject/02_ALU/src/test/scala/alu_tb.scala. Using presentation compiler with project's scala-library version: 3.3.7[0m
2026.06.05 09:34:37 INFO  no build target found for /home/arunvarshan/ADSProject/02_ALU/src/test/scala/alu_tb.scala. Using presentation compiler with project's scala-library version: 3.3.7[0m
2026.06.05 09:34:37 INFO  no build target found for /home/arunvarshan/ADSProject/02_ALU/src/test/scala/alu_tb.scala. Using presentation compiler with project's scala-library version: 3.3.7[0m
2026.06.05 09:34:37 INFO  no build target found for /home/arunvarshan/ADSProject/02_ALU/src/test/scala/alu_tb.scala. Using presentation compiler with project's scala-library version: 3.3.7[0m
2026.06.05 09:34:37 INFO  no build target found for /home/arunvarshan/ADSProject/02_ALU/src/test/scala/alu_tb.scala. Using presentation compiler with project's scala-library version: 3.3.7[0m
2026.06.05 09:34:37 INFO  no build target found for /home/arunvarshan/ADSProject/02_ALU/src/test/scala/alu_tb.scala. Using presentation compiler with project's scala-library version: 3.3.7[0m
2026.06.05 09:34:37 INFO  no build target found for /home/arunvarshan/ADSProject/02_ALU/src/test/scala/alu_tb.scala. Using presentation compiler with project's scala-library version: 3.3.7[0m
2026.06.05 09:34:37 INFO  no build target found for /home/arunvarshan/ADSProject/02_ALU/src/test/scala/alu_tb.scala. Using presentation compiler with project's scala-library version: 3.3.7[0m
2026.06.05 09:34:37 INFO  no build target found for /home/arunvarshan/ADSProject/02_ALU/src/test/scala/alu_tb.scala. Using presentation compiler with project's scala-library version: 3.3.7[0m
2026.06.05 09:34:37 INFO  no build target found for /home/arunvarshan/ADSProject/02_ALU/src/test/scala/alu_tb.scala. Using presentation compiler with project's scala-library version: 3.3.7[0m
2026.06.05 09:34:37 INFO  no build target found for /home/arunvarshan/ADSProject/02_ALU/src/test/scala/alu_tb.scala. Using presentation compiler with project's scala-library version: 3.3.7[0m
2026.06.05 09:34:38 INFO  no build target found for /home/arunvarshan/ADSProject/02_ALU/src/test/scala/alu_tb.scala. Using presentation compiler with project's scala-library version: 3.3.7[0m
2026.06.05 09:34:38 INFO  no build target found for /home/arunvarshan/ADSProject/02_ALU/src/test/scala/alu_tb.scala. Using presentation compiler with project's scala-library version: 3.3.7[0m
2026.06.05 09:34:38 INFO  no build target found for /home/arunvarshan/ADSProject/02_ALU/src/test/scala/alu_tb.scala. Using presentation compiler with project's scala-library version: 3.3.7[0m
2026.06.05 09:34:38 INFO  no build target found for /home/arunvarshan/ADSProject/02_ALU/src/test/scala/alu_tb.scala. Using presentation compiler with project's scala-library version: 3.3.7[0m
2026.06.05 09:34:41 INFO  no build target found for /home/arunvarshan/ADSProject/02_ALU/src/test/scala/alu_tb.scala. Using presentation compiler with project's scala-library version: 3.3.7[0m
2026.06.05 09:34:41 INFO  no build target found for /home/arunvarshan/ADSProject/02_ALU/src/test/scala/alu_tb.scala. Using presentation compiler with project's scala-library version: 3.3.7[0m
2026.06.05 09:34:41 INFO  no build target found for /home/arunvarshan/ADSProject/02_ALU/src/test/scala/alu_tb.scala. Using presentation compiler with project's scala-library version: 3.3.7[0m
2026.06.05 09:34:42 INFO  no build target found for /home/arunvarshan/ADSProject/02_ALU/src/test/scala/alu_tb.scala. Using presentation compiler with project's scala-library version: 3.3.7[0m
2026.06.05 09:34:41 INFO  no build target found for /home/arunvarshan/ADSProject/02_ALU/src/test/scala/alu_tb.scala. Using presentation compiler with project's scala-library version: 3.3.7[0m
2026.06.05 09:34:43 INFO  no build target found for /home/arunvarshan/ADSProject/02_ALU/src/test/scala/alu_tb.scala. Using presentation compiler with project's scala-library version: 3.3.7[0m
2026.06.05 09:34:43 INFO  no build target found for /home/arunvarshan/ADSProject/02_ALU/src/test/scala/alu_tb.scala. Using presentation compiler with project's scala-library version: 3.3.7[0m
2026.06.05 09:34:43 INFO  no build target found for /home/arunvarshan/ADSProject/02_ALU/src/test/scala/alu_tb.scala. Using presentation compiler with project's scala-library version: 3.3.7[0m
2026.06.05 09:34:43 INFO  no build target found for /home/arunvarshan/ADSProject/02_ALU/src/test/scala/alu_tb.scala. Using presentation compiler with project's scala-library version: 3.3.7[0m
2026.06.05 09:34:43 INFO  no build target found for /home/arunvarshan/ADSProject/02_ALU/src/test/scala/alu_tb.scala. Using presentation compiler with project's scala-library version: 3.3.7[0m
2026.06.05 09:34:43 INFO  no build target found for /home/arunvarshan/ADSProject/02_ALU/src/test/scala/alu_tb.scala. Using presentation compiler with project's scala-library version: 3.3.7[0m
2026.06.05 09:34:43 INFO  no build target found for /home/arunvarshan/ADSProject/02_ALU/src/test/scala/alu_tb.scala. Using presentation compiler with project's scala-library version: 3.3.7[0m
2026.06.05 09:34:43 INFO  no build target found for /home/arunvarshan/ADSProject/02_ALU/src/test/scala/alu_tb.scala. Using presentation compiler with project's scala-library version: 3.3.7[0m
2026.06.05 09:34:44 INFO  no build target found for /home/arunvarshan/ADSProject/02_ALU/src/test/scala/alu_tb.scala. Using presentation compiler with project's scala-library version: 3.3.7[0m
2026.06.05 09:34:44 INFO  no build target found for /home/arunvarshan/ADSProject/02_ALU/src/test/scala/alu_tb.scala. Using presentation compiler with project's scala-library version: 3.3.7[0m
2026.06.05 09:34:44 INFO  no build target found for /home/arunvarshan/ADSProject/02_ALU/src/test/scala/alu_tb.scala. Using presentation compiler with project's scala-library version: 3.3.7[0m
2026.06.05 09:34:44 INFO  no build target found for /home/arunvarshan/ADSProject/02_ALU/src/test/scala/alu_tb.scala. Using presentation compiler with project's scala-library version: 3.3.7[0m
2026.06.05 09:34:44 INFO  no build target found for /home/arunvarshan/ADSProject/02_ALU/src/test/scala/alu_tb.scala. Using presentation compiler with project's scala-library version: 3.3.7[0m
2026.06.05 09:34:44 INFO  no build target found for /home/arunvarshan/ADSProject/02_ALU/src/test/scala/alu_tb.scala. Using presentation compiler with project's scala-library version: 3.3.7[0m
2026.06.05 09:34:44 INFO  no build target found for /home/arunvarshan/ADSProject/02_ALU/src/test/scala/alu_tb.scala. Using presentation compiler with project's scala-library version: 3.3.7[0m
2026.06.05 09:34:45 INFO  no build target found for /home/arunvarshan/ADSProject/02_ALU/src/test/scala/alu_tb.scala. Using presentation compiler with project's scala-library version: 3.3.7[0m
2026.06.05 09:34:45 INFO  no build target found for /home/arunvarshan/ADSProject/02_ALU/src/test/scala/alu_tb.scala. Using presentation compiler with project's scala-library version: 3.3.7[0m
2026.06.05 09:34:46 INFO  no build target found for /home/arunvarshan/ADSProject/02_ALU/src/test/scala/alu_tb.scala. Using presentation compiler with project's scala-library version: 3.3.7[0m
2026.06.05 09:34:45 INFO  no build target found for /home/arunvarshan/ADSProject/02_ALU/src/test/scala/alu_tb.scala. Using presentation compiler with project's scala-library version: 3.3.7[0m
2026.06.05 09:34:46 INFO  no build target found for /home/arunvarshan/ADSProject/02_ALU/src/test/scala/alu_tb.scala. Using presentation compiler with project's scala-library version: 3.3.7[0m
2026.06.05 09:34:46 WARN  no build target for: /home/arunvarshan/ADSProject/02_ALU/src/test/scala/alu_tb.scala[0m
2026.06.05 09:34:46 INFO  no build target found for /home/arunvarshan/ADSProject/02_ALU/src/test/scala/alu_tb.scala. Using presentation compiler with project's scala-library version: 3.3.7[0m
2026.06.05 09:34:58 INFO  no build target found for /home/arunvarshan/ADSProject/02_ALU/src/test/scala/alu_tb.scala. Using presentation compiler with project's scala-library version: 3.3.7[0m
2026.06.05 09:37:00 INFO  no build target found for /home/arunvarshan/ADSProject/02_ALU/src/test/scala/alu_tb.scala. Using presentation compiler with project's scala-library version: 3.3.7[0m
2026.06.05 09:37:15 INFO  no build target found for /home/arunvarshan/ADSProject/02_ALU/src/test/scala/alu_tb.scala. Using presentation compiler with project's scala-library version: 3.3.7[0m
2026.06.05 09:37:39 INFO  no build target found for /home/arunvarshan/ADSProject/02_ALU/src/test/scala/alu_tb.scala. Using presentation compiler with project's scala-library version: 3.3.7[0m
2026.06.05 09:38:31 INFO  no build target found for /home/arunvarshan/ADSProject/02_ALU/src/test/scala/alu_tb.scala. Using presentation compiler with project's scala-library version: 3.3.7[0m
2026.06.05 09:39:43 INFO  no build target found for /home/arunvarshan/ADSProject/02_ALU/src/test/scala/alu_tb.scala. Using presentation compiler with project's scala-library version: 3.3.7[0m
2026.06.05 09:40:36 INFO  no build target found for /home/arunvarshan/ADSProject/02_ALU/src/test/scala/alu_tb.scala. Using presentation compiler with project's scala-library version: 3.3.7[0m
2026.06.05 09:40:38 INFO  no build target found for /home/arunvarshan/ADSProject/02_ALU/src/test/scala/alu_tb.scala. Using presentation compiler with project's scala-library version: 3.3.7[0m
2026.06.05 09:40:38 INFO  no build target found for /home/arunvarshan/ADSProject/02_ALU/src/test/scala/alu_tb.scala. Using presentation compiler with project's scala-library version: 3.3.7[0m
2026.06.05 09:40:38 INFO  no build target found for /home/arunvarshan/ADSProject/02_ALU/src/test/scala/alu_tb.scala. Using presentation compiler with project's scala-library version: 3.3.7[0m
2026.06.05 09:40:40 INFO  no build target found for /home/arunvarshan/ADSProject/02_ALU/src/test/scala/alu_tb.scala. Using presentation compiler with project's scala-library version: 3.3.7[0m
2026.06.05 09:40:40 INFO  no build target found for /home/arunvarshan/ADSProject/02_ALU/src/test/scala/alu_tb.scala. Using presentation compiler with project's scala-library version: 3.3.7[0m
2026.06.05 09:40:41 INFO  no build target found for /home/arunvarshan/ADSProject/02_ALU/src/test/scala/alu_tb.scala. Using presentation compiler with project's scala-library version: 3.3.7[0m
2026.06.05 09:40:42 INFO  no build target found for /home/arunvarshan/ADSProject/02_ALU/src/test/scala/alu_tb.scala. Using presentation compiler with project's scala-library version: 3.3.7[0m
2026.06.05 09:40:43 INFO  no build target found for /home/arunvarshan/ADSProject/02_ALU/src/test/scala/alu_tb.scala. Using presentation compiler with project's scala-library version: 3.3.7[0m
2026.06.05 09:41:04 INFO  no build target found for /home/arunvarshan/ADSProject/02_ALU/src/test/scala/alu_tb.scala. Using presentation compiler with project's scala-library version: 3.3.7[0m
2026.06.05 09:41:59 INFO  no build target found for /home/arunvarshan/ADSProject/02_ALU/src/test/scala/alu_tb.scala. Using presentation compiler with project's scala-library version: 3.3.7[0m
2026.06.05 09:41:59 INFO  no build target found for /home/arunvarshan/ADSProject/02_ALU/src/test/scala/alu_tb.scala. Using presentation compiler with project's scala-library version: 3.3.7[0m
2026.06.05 09:42:00 INFO  no build target found for /home/arunvarshan/ADSProject/02_ALU/src/test/scala/alu_tb.scala. Using presentation compiler with project's scala-library version: 3.3.7[0m
2026.06.05 09:42:00 INFO  no build target found for /home/arunvarshan/ADSProject/02_ALU/src/test/scala/alu_tb.scala. Using presentation compiler with project's scala-library version: 3.3.7[0m
2026.06.05 09:42:00 INFO  no build target found for /home/arunvarshan/ADSProject/02_ALU/src/test/scala/alu_tb.scala. Using presentation compiler with project's scala-library version: 3.3.7[0m
2026.06.05 09:42:01 INFO  no build target found for /home/arunvarshan/ADSProject/02_ALU/src/test/scala/alu_tb.scala. Using presentation compiler with project's scala-library version: 3.3.7[0m
2026.06.05 09:42:01 INFO  no build target found for /home/arunvarshan/ADSProject/02_ALU/src/test/scala/alu_tb.scala. Using presentation compiler with project's scala-library version: 3.3.7[0m
2026.06.05 09:42:01 INFO  no build target found for /home/arunvarshan/ADSProject/02_ALU/src/test/scala/alu_tb.scala. Using presentation compiler with project's scala-library version: 3.3.7[0m
2026.06.05 09:42:01 INFO  no build target found for /home/arunvarshan/ADSProject/02_ALU/src/test/scala/alu_tb.scala. Using presentation compiler with project's scala-library version: 3.3.7[0m
2026.06.05 09:42:02 INFO  no build target found for /home/arunvarshan/ADSProject/02_ALU/src/test/scala/alu_tb.scala. Using presentation compiler with project's scala-library version: 3.3.7[0m
2026.06.05 09:42:02 INFO  no build target found for /home/arunvarshan/ADSProject/02_ALU/src/test/scala/alu_tb.scala. Using presentation compiler with project's scala-library version: 3.3.7[0m
2026.06.05 09:42:02 INFO  no build target found for /home/arunvarshan/ADSProject/02_ALU/src/test/scala/alu_tb.scala. Using presentation compiler with project's scala-library version: 3.3.7[0m
2026.06.05 09:42:03 INFO  no build target found for /home/arunvarshan/ADSProject/02_ALU/src/test/scala/alu_tb.scala. Using presentation compiler with project's scala-library version: 3.3.7[0m
2026.06.05 09:42:02 INFO  no build target found for /home/arunvarshan/ADSProject/02_ALU/src/test/scala/alu_tb.scala. Using presentation compiler with project's scala-library version: 3.3.7[0m
2026.06.05 09:42:02 INFO  no build target found for /home/arunvarshan/ADSProject/02_ALU/src/test/scala/alu_tb.scala. Using presentation compiler with project's scala-library version: 3.3.7[0m
2026.06.05 09:42:04 INFO  no build target found for /home/arunvarshan/ADSProject/02_ALU/src/test/scala/alu_tb.scala. Using presentation compiler with project's scala-library version: 3.3.7[0m
Jun 05, 2026 9:42:06 AM org.eclipse.lsp4j.jsonrpc.services.GenericEndpoint notify
INFO: Unsupported notification method: $/setTrace
Jun 05, 2026 9:42:07 AM org.eclipse.lsp4j.jsonrpc.services.GenericEndpoint notify
INFO: Unsupported notification method: $/setTrace
2026.06.05 09:42:07 INFO  no build target found for /home/arunvarshan/ADSProject/02_ALU/src/test/scala/alu_tb.scala. Using presentation compiler with project's scala-library version: 3.3.7[0m
2026.06.05 09:42:07 INFO  no build target found for /home/arunvarshan/ADSProject/02_ALU/src/test/scala/alu_tb.scala. Using presentation compiler with project's scala-library version: 3.3.7[0m
2026.06.05 09:42:07 INFO  no build target found for /home/arunvarshan/ADSProject/02_ALU/src/test/scala/alu_tb.scala. Using presentation compiler with project's scala-library version: 3.3.7[0m
2026.06.05 09:42:07 WARN  no build target for: /home/arunvarshan/ADSProject/02_ALU/src/test/scala/alu_tb.scala[0m
2026.06.05 09:42:07 INFO  no build target found for /home/arunvarshan/ADSProject/02_ALU/src/test/scala/alu_tb.scala. Using presentation compiler with project's scala-library version: 3.3.7[0m
2026.06.05 09:42:50 INFO  no build target found for /home/arunvarshan/ADSProject/02_ALU/src/test/scala/alu_tb.scala. Using presentation compiler with project's scala-library version: 3.3.7[0m
2026.06.05 09:43:56 INFO  no build target found for /home/arunvarshan/ADSProject/02_ALU/src/test/scala/alu_tb.scala. Using presentation compiler with project's scala-library version: 3.3.7[0m
2026.06.05 09:44:27 INFO  no build target found for /home/arunvarshan/ADSProject/02_ALU/src/test/scala/alu_tb.scala. Using presentation compiler with project's scala-library version: 3.3.7[0m
2026.06.05 09:44:28 INFO  no build target found for /home/arunvarshan/ADSProject/02_ALU/src/test/scala/alu_tb.scala. Using presentation compiler with project's scala-library version: 3.3.7[0m
2026.06.05 09:44:28 INFO  no build target found for /home/arunvarshan/ADSProject/02_ALU/src/test/scala/alu_tb.scala. Using presentation compiler with project's scala-library version: 3.3.7[0m
2026.06.05 09:44:30 INFO  no build target found for /home/arunvarshan/ADSProject/02_ALU/src/test/scala/alu_tb.scala. Using presentation compiler with project's scala-library version: 3.3.7[0m
2026.06.05 09:44:32 INFO  no build target found for /home/arunvarshan/ADSProject/02_ALU/src/test/scala/alu_tb.scala. Using presentation compiler with project's scala-library version: 3.3.7[0m
2026.06.05 09:44:32 INFO  no build target found for /home/arunvarshan/ADSProject/02_ALU/src/test/scala/alu_tb.scala. Using presentation compiler with project's scala-library version: 3.3.7[0m
2026.06.05 09:44:40 INFO  no build target found for /home/arunvarshan/ADSProject/02_ALU/src/test/scala/alu_tb.scala. Using presentation compiler with project's scala-library version: 3.3.7[0m
2026.06.05 09:46:07 INFO  no build target found for /home/arunvarshan/ADSProject/02_ALU/src/test/scala/alu_tb.scala. Using presentation compiler with project's scala-library version: 3.3.7[0m
2026.06.05 09:46:07 INFO  no build target found for /home/arunvarshan/ADSProject/02_ALU/src/test/scala/alu_tb.scala. Using presentation compiler with project's scala-library version: 3.3.7[0m
2026.06.05 09:46:35 INFO  no build target found for /home/arunvarshan/ADSProject/02_ALU/src/test/scala/alu_tb.scala. Using presentation compiler with project's scala-library version: 3.3.7[0m
2026.06.05 09:46:35 INFO  no build target found for /home/arunvarshan/ADSProject/02_ALU/src/test/scala/alu_tb.scala. Using presentation compiler with project's scala-library version: 3.3.7[0m
2026.06.05 10:34:01 INFO  no build target found for /home/arunvarshan/ADSProject/02_ALU/src/test/scala/alu_tb.scala. Using presentation compiler with project's scala-library version: 3.3.7[0m
2026.06.05 10:34:38 INFO  no build target found for /home/arunvarshan/ADSProject/02_ALU/src/test/scala/alu_tb.scala. Using presentation compiler with project's scala-library version: 3.3.7[0m
2026.06.05 10:43:10 INFO  no build target found for /home/arunvarshan/ADSProject/02_ALU/src/test/scala/alu_tb.scala. Using presentation compiler with project's scala-library version: 3.3.7[0m
2026.06.05 10:43:11 INFO  no build target found for /home/arunvarshan/ADSProject/02_ALU/src/main/scala/MakeVerilog.scala. Using presentation compiler with project's scala-library version: 3.3.7[0m
2026.06.05 10:43:11 INFO  no build target found for /home/arunvarshan/ADSProject/02_ALU/src/main/scala/MakeVerilog.scala. Using presentation compiler with project's scala-library version: 3.3.7[0m
2026.06.05 10:43:11 INFO  no build target found for /home/arunvarshan/ADSProject/02_ALU/src/main/scala/MakeVerilog.scala. Using presentation compiler with project's scala-library version: 3.3.7[0m
2026.06.05 10:43:11 INFO  no build target found for /home/arunvarshan/ADSProject/02_ALU/src/main/scala/MakeVerilog.scala. Using presentation compiler with project's scala-library version: 3.3.7[0m
2026.06.05 10:43:11 INFO  no build target found for /home/arunvarshan/ADSProject/02_ALU/src/main/scala/ALU.scala. Using presentation compiler with project's scala-library version: 3.3.7[0m
2026.06.05 10:43:12 INFO  no build target found for /home/arunvarshan/ADSProject/02_ALU/src/main/scala/ALU.scala. Using presentation compiler with project's scala-library version: 3.3.7[0m
2026.06.05 10:43:11 INFO  no build target found for /home/arunvarshan/ADSProject/02_ALU/src/main/scala/ALU.scala. Using presentation compiler with project's scala-library version: 3.3.7[0m
2026.06.05 10:43:12 INFO  no build target found for /home/arunvarshan/ADSProject/02_ALU/src/main/scala/ALU.scala. Using presentation compiler with project's scala-library version: 3.3.7[0m
2026.06.05 10:48:42 INFO  no build target found for /home/arunvarshan/ADSProject/02_ALU/src/main/scala/ALU.scala. Using presentation compiler with project's scala-library version: 3.3.7[0m
2026.06.05 10:48:45 INFO  no build target found for /home/arunvarshan/ADSProject/02_ALU/src/test/scala/alu_tb.scala. Using presentation compiler with project's scala-library version: 3.3.7[0m
2026.06.05 10:48:45 WARN  no build target for: /home/arunvarshan/ADSProject/02_ALU/src/test/scala/alu_tb.scala[0m
Jun 05, 2026 10:48:45 AM org.eclipse.lsp4j.jsonrpc.RemoteEndpoint handleCancellation
WARNING: Unmatched cancel notification for request id 1021
2026.06.05 10:48:45 INFO  no build target found for /home/arunvarshan/ADSProject/02_ALU/src/test/scala/alu_tb.scala. Using presentation compiler with project's scala-library version: 3.3.7[0m
2026.06.05 10:48:45 INFO  no build target found for /home/arunvarshan/ADSProject/02_ALU/src/test/scala/alu_tb.scala. Using presentation compiler with project's scala-library version: 3.3.7[0m
2026.06.05 10:48:45 INFO  no build target found for /home/arunvarshan/ADSProject/02_ALU/src/test/scala/alu_tb.scala. Using presentation compiler with project's scala-library version: 3.3.7[0m
2026.06.05 10:49:10 INFO  no build target found for /home/arunvarshan/ADSProject/02_ALU/src/main/scala/ALU.scala. Using presentation compiler with project's scala-library version: 3.3.7[0m
2026.06.05 10:49:10 WARN  no build target for: /home/arunvarshan/ADSProject/02_ALU/src/main/scala/ALU.scala[0m
2026.06.05 10:49:10 INFO  no build target found for /home/arunvarshan/ADSProject/02_ALU/src/main/scala/ALU.scala. Using presentation compiler with project's scala-library version: 3.3.7[0m
2026.06.05 10:49:10 INFO  no build target found for /home/arunvarshan/ADSProject/02_ALU/src/main/scala/ALU.scala. Using presentation compiler with project's scala-library version: 3.3.7[0m
2026.06.05 10:49:10 INFO  no build target found for /home/arunvarshan/ADSProject/02_ALU/src/main/scala/ALU.scala. Using presentation compiler with project's scala-library version: 3.3.7[0m
2026.06.05 10:49:13 INFO  no build target found for /home/arunvarshan/ADSProject/02_ALU/src/main/scala/ALU.scala. Using presentation compiler with project's scala-library version: 3.3.7[0m
2026.06.05 10:49:43 INFO  no build target found for /home/arunvarshan/ADSProject/02_ALU/src/main/scala/ALU.scala. Using presentation compiler with project's scala-library version: 3.3.7[0m
2026.06.05 10:49:43 INFO  no build target found for /home/arunvarshan/ADSProject/02_ALU/src/main/scala/ALU.scala. Using presentation compiler with project's scala-library version: 3.3.7[0m
2026.06.05 10:49:43 INFO  no build target found for /home/arunvarshan/ADSProject/02_ALU/src/main/scala/ALU.scala. Using presentation compiler with project's scala-library version: 3.3.7[0m
2026.06.05 10:49:45 INFO  no build target found for /home/arunvarshan/ADSProject/02_ALU/src/main/scala/ALU.scala. Using presentation compiler with project's scala-library version: 3.3.7[0m
2026.06.05 10:50:11 INFO  no build target found for /home/arunvarshan/ADSProject/02_ALU/src/main/scala/ALU.scala. Using presentation compiler with project's scala-library version: 3.3.7[0m
2026.06.05 10:50:12 INFO  no build target found for /home/arunvarshan/ADSProject/02_ALU/src/main/scala/ALU.scala. Using presentation compiler with project's scala-library version: 3.3.7[0m
2026.06.05 10:50:12 INFO  no build target found for /home/arunvarshan/ADSProject/02_ALU/src/main/scala/ALU.scala. Using presentation compiler with project's scala-library version: 3.3.7[0m
2026.06.05 10:50:12 WARN  no build target for: /home/arunvarshan/ADSProject/02_ALU/src/main/scala/ALU.scala[0m
2026.06.05 10:50:12 INFO  no build target found for /home/arunvarshan/ADSProject/02_ALU/src/main/scala/ALU.scala. Using presentation compiler with project's scala-library version: 3.3.7[0m
2026.06.05 10:50:12 WARN  no build target for: /home/arunvarshan/ADSProject/02_ALU/src/main/scala/ALU.scala[0m
2026.06.05 10:50:13 INFO  no build target found for /home/arunvarshan/ADSProject/02_ALU/src/main/scala/ALU.scala. Using presentation compiler with project's scala-library version: 3.3.7[0m
2026.06.05 10:50:12 WARN  no build target for: /home/arunvarshan/ADSProject/02_ALU/src/main/scala/ALU.scala[0m
2026.06.05 10:50:12 INFO  no build target found for /home/arunvarshan/ADSProject/02_ALU/src/main/scala/ALU.scala. Using presentation compiler with project's scala-library version: 3.3.7[0m
2026.06.05 10:50:14 INFO  no build target found for /home/arunvarshan/ADSProject/02_ALU/src/test/scala/alu_tb.scala. Using presentation compiler with project's scala-library version: 3.3.7[0m
2026.06.05 10:50:14 WARN  no build target for: /home/arunvarshan/ADSProject/02_ALU/src/test/scala/alu_tb.scala[0m
Jun 05, 2026 10:50:14 AM org.eclipse.lsp4j.jsonrpc.RemoteEndpoint handleCancellation
WARNING: Unmatched cancel notification for request id 1106
2026.06.05 10:50:14 INFO  no build target found for /home/arunvarshan/ADSProject/02_ALU/src/test/scala/alu_tb.scala. Using presentation compiler with project's scala-library version: 3.3.7[0m
2026.06.05 10:50:14 INFO  no build target found for /home/arunvarshan/ADSProject/02_ALU/src/test/scala/alu_tb.scala. Using presentation compiler with project's scala-library version: 3.3.7[0m
2026.06.05 10:50:14 INFO  no build target found for /home/arunvarshan/ADSProject/02_ALU/src/test/scala/alu_tb.scala. Using presentation compiler with project's scala-library version: 3.3.7[0m
2026.06.05 10:50:14 WARN  no build target for: /home/arunvarshan/ADSProject/02_ALU/src/test/scala/alu_tb.scala[0m
2026.06.05 10:50:14 WARN  no build target for: /home/arunvarshan/ADSProject/02_ALU/src/test/scala/alu_tb.scala[0m
2026.06.05 10:50:14 INFO  no build target found for /home/arunvarshan/ADSProject/02_ALU/src/test/scala/alu_tb.scala. Using presentation compiler with project's scala-library version: 3.3.7[0m
2026.06.05 10:50:15 WARN  no build target for: /home/arunvarshan/ADSProject/02_ALU/src/test/scala/alu_tb.scala[0m
2026.06.05 10:50:14 INFO  no build target found for /home/arunvarshan/ADSProject/02_ALU/src/test/scala/alu_tb.scala. Using presentation compiler with project's scala-library version: 3.3.7[0m
2026.06.05 10:50:15 INFO  no build target found for /home/arunvarshan/ADSProject/02_ALU/src/test/scala/alu_tb.scala. Using presentation compiler with project's scala-library version: 3.3.7[0m
2026.06.05 10:50:17 INFO  no build target found for /home/arunvarshan/ADSProject/02_ALU/src/test/scala/alu_tb.scala. Using presentation compiler with project's scala-library version: 3.3.7[0m
2026.06.05 11:46:40 INFO  Shutting down server[0m
2026.06.05 11:46:40 INFO  Memory monitor stopped[0m
2026.06.05 11:46:40 INFO  shutting down Metals[0m
2026.06.05 11:46:40 INFO  Exiting server[0m
2026.06.05 11:46:40 ERROR Unexpected error initializing server: 
org.eclipse.lsp4j.jsonrpc.ResponseErrorException: Request window/showMessageRequest failed with message: Canceled
	at org.eclipse.lsp4j.jsonrpc.RemoteEndpoint.handleResponse(RemoteEndpoint.java:214)
	at org.eclipse.lsp4j.jsonrpc.RemoteEndpoint.consume(RemoteEndpoint.java:198)
	at org.eclipse.lsp4j.jsonrpc.json.StreamMessageProducer.handleMessage(StreamMessageProducer.java:189)
	at org.eclipse.lsp4j.jsonrpc.json.StreamMessageProducer.listen(StreamMessageProducer.java:97)
	at org.eclipse.lsp4j.jsonrpc.json.ConcurrentMessageProcessor.run(ConcurrentMessageProcessor.java:97)
	at java.util.concurrent.Executors$RunnableAdapter.call(Executors.java:539)
	at java.util.concurrent.FutureTask.run(FutureTask.java:264)
	at java.util.concurrent.ThreadPoolExecutor.runWorker(ThreadPoolExecutor.java:1136)
	at java.util.concurrent.ThreadPoolExecutor$Worker.run(ThreadPoolExecutor.java:635)
	at java.lang.Thread.run(Thread.java:840)
[0m
2026.06.05 14:12:47 INFO  Started: Metals version 1.6.7 in folders '/home/arunvarshan/ADSProject/02_ALU' for client Visual Studio Code 1.123.0.[0m
2026.06.05 14:12:47 INFO  Memory monitor started[0m
2026.06.05 14:12:48 WARN  Using H2 2.4.240 which is newer than the version Flyway has been verified with. The latest verified version of H2 is 2.3.232.[0m
2026.06.05 14:12:48 INFO  no build target found for /home/arunvarshan/ADSProject/02_ALU/src/test/scala/alu_tb.scala. Using presentation compiler with project's scala-library version: 3.3.7[0m
2026.06.05 14:12:50 INFO  no build target found for /home/arunvarshan/ADSProject/02_ALU/src/test/scala/alu_tb.scala. Using presentation compiler with project's scala-library version: 3.3.7[0m
2026.06.05 14:12:51 INFO  no build target found for /home/arunvarshan/ADSProject/02_ALU/src/test/scala/alu_tb.scala. Using presentation compiler with project's scala-library version: 3.3.7[0m
2026.06.05 14:12:58 INFO  no build target found for /home/arunvarshan/ADSProject/02_ALU/src/test/scala/alu_tb.scala. Using presentation compiler with project's scala-library version: 3.3.7[0m
2026.06.05 14:12:58 INFO  no build target found for /home/arunvarshan/ADSProject/02_ALU/src/test/scala/alu_tb.scala. Using presentation compiler with project's scala-library version: 3.3.7[0m
2026.06.05 14:12:59 INFO  no build target found for /home/arunvarshan/ADSProject/02_ALU/src/test/scala/alu_tb.scala. Using presentation compiler with project's scala-library version: 3.3.7[0m
2026.06.05 14:13:00 INFO  no build target found for /home/arunvarshan/ADSProject/02_ALU/src/test/scala/alu_tb.scala. Using presentation compiler with project's scala-library version: 3.3.7[0m
2026.06.05 14:13:00 INFO  no build target found for /home/arunvarshan/ADSProject/02_ALU/src/test/scala/alu_tb.scala. Using presentation compiler with project's scala-library version: 3.3.7[0m
2026.06.05 14:13:38 INFO  no build target found for /home/arunvarshan/ADSProject/02_ALU/src/test/scala/alu_tb.scala. Using presentation compiler with project's scala-library version: 3.3.7[0m
2026.06.05 14:14:02 INFO  no build target found for /home/arunvarshan/ADSProject/02_ALU/src/test/scala/alu_tb.scala. Using presentation compiler with project's scala-library version: 3.3.7[0m
2026.06.05 14:17:27 INFO  no build target found for /home/arunvarshan/ADSProject/02_ALU/src/test/scala/alu_tb.scala. Using presentation compiler with project's scala-library version: 3.3.7[0m
2026.06.05 14:17:27 INFO  no build target found for /home/arunvarshan/ADSProject/02_ALU/src/test/scala/alu_tb.scala. Using presentation compiler with project's scala-library version: 3.3.7[0m
2026.06.05 14:17:27 INFO  no build target found for /home/arunvarshan/ADSProject/02_ALU/src/test/scala/alu_tb.scala. Using presentation compiler with project's scala-library version: 3.3.7[0m
2026.06.05 14:17:28 INFO  no build target found for /home/arunvarshan/ADSProject/02_ALU/src/test/scala/alu_tb.scala. Using presentation compiler with project's scala-library version: 3.3.7[0m
2026.06.05 14:17:28 INFO  no build target found for /home/arunvarshan/ADSProject/02_ALU/src/test/scala/alu_tb.scala. Using presentation compiler with project's scala-library version: 3.3.7[0m
2026.06.05 14:20:47 INFO  no build target found for /home/arunvarshan/ADSProject/02_ALU/src/test/scala/alu_tb.scala. Using presentation compiler with project's scala-library version: 3.3.7[0m
2026.06.05 14:20:53 INFO  no build target found for /home/arunvarshan/ADSProject/02_ALU/src/main/scala/ALU.scala. Using presentation compiler with project's scala-library version: 3.3.7[0m
2026.06.05 14:20:54 INFO  no build target found for /home/arunvarshan/ADSProject/02_ALU/src/main/scala/ALU.scala. Using presentation compiler with project's scala-library version: 3.3.7[0m
Jun 05, 2026 2:20:54 PM org.eclipse.lsp4j.jsonrpc.RemoteEndpoint handleCancellation
WARNING: Unmatched cancel notification for request id 215
2026.06.05 14:20:53 INFO  no build target found for /home/arunvarshan/ADSProject/02_ALU/src/main/scala/ALU.scala. Using presentation compiler with project's scala-library version: 3.3.7[0m
2026.06.05 14:20:53 INFO  no build target found for /home/arunvarshan/ADSProject/02_ALU/src/main/scala/ALU.scala. Using presentation compiler with project's scala-library version: 3.3.7[0m
2026.06.05 14:21:12 INFO  no build target found for /home/arunvarshan/ADSProject/02_ALU/src/main/scala/ALU.scala. Using presentation compiler with project's scala-library version: 3.3.7[0m
2026.06.05 14:21:39 INFO  no build target found for /home/arunvarshan/ADSProject/02_ALU/src/main/scala/ALU.scala. Using presentation compiler with project's scala-library version: 3.3.7[0m
2026.06.05 14:21:51 INFO  no build target found for /home/arunvarshan/ADSProject/02_ALU/src/main/scala/ALU.scala. Using presentation compiler with project's scala-library version: 3.3.7[0m
2026.06.05 14:21:51 INFO  no build target found for /home/arunvarshan/ADSProject/02_ALU/src/main/scala/ALU.scala. Using presentation compiler with project's scala-library version: 3.3.7[0m
2026.06.05 14:21:53 INFO  no build target found for /home/arunvarshan/ADSProject/02_ALU/src/main/scala/ALU.scala. Using presentation compiler with project's scala-library version: 3.3.7[0m
Jun 05, 2026 2:21:53 PM org.eclipse.lsp4j.jsonrpc.RemoteEndpoint handleCancellation
WARNING: Unmatched cancel notification for request id 259
2026.06.05 14:21:53 INFO  no build target found for /home/arunvarshan/ADSProject/02_ALU/src/main/scala/ALU.scala. Using presentation compiler with project's scala-library version: 3.3.7[0m
2026.06.05 14:21:53 INFO  no build target found for /home/arunvarshan/ADSProject/02_ALU/src/main/scala/ALU.scala. Using presentation compiler with project's scala-library version: 3.3.7[0m
2026.06.05 14:21:53 INFO  no build target found for /home/arunvarshan/ADSProject/02_ALU/src/main/scala/ALU.scala. Using presentation compiler with project's scala-library version: 3.3.7[0m
2026.06.05 14:21:54 INFO  no build target found for /home/arunvarshan/ADSProject/02_ALU/src/main/scala/ALU.scala. Using presentation compiler with project's scala-library version: 3.3.7[0m
2026.06.05 14:21:58 INFO  no build target found for /home/arunvarshan/ADSProject/02_ALU/src/main/scala/ALU.scala. Using presentation compiler with project's scala-library version: 3.3.7[0m
2026.06.05 14:21:58 INFO  no build target found for /home/arunvarshan/ADSProject/02_ALU/src/main/scala/ALU.scala. Using presentation compiler with project's scala-library version: 3.3.7[0m
2026.06.05 14:22:11 INFO  no build target found for /home/arunvarshan/ADSProject/02_ALU/src/main/scala/ALU.scala. Using presentation compiler with project's scala-library version: 3.3.7[0m
2026.06.05 14:22:15 INFO  no build target found for /home/arunvarshan/ADSProject/02_ALU/src/main/scala/ALU.scala. Using presentation compiler with project's scala-library version: 3.3.7[0m
2026.06.05 14:23:34 INFO  no build target found for /home/arunvarshan/ADSProject/02_ALU/src/test/scala/alu_tb.scala. Using presentation compiler with project's scala-library version: 3.3.7[0m
2026.06.05 14:23:34 WARN  no build target for: /home/arunvarshan/ADSProject/02_ALU/src/test/scala/alu_tb.scala[0m
Jun 05, 2026 2:23:34 PM org.eclipse.lsp4j.jsonrpc.RemoteEndpoint handleCancellation
WARNING: Unmatched cancel notification for request id 288
2026.06.05 14:23:34 INFO  no build target found for /home/arunvarshan/ADSProject/02_ALU/src/test/scala/alu_tb.scala. Using presentation compiler with project's scala-library version: 3.3.7[0m
2026.06.05 14:23:34 INFO  no build target found for /home/arunvarshan/ADSProject/02_ALU/src/test/scala/alu_tb.scala. Using presentation compiler with project's scala-library version: 3.3.7[0m
Jun 05, 2026 2:23:34 PM org.eclipse.lsp4j.jsonrpc.RemoteEndpoint handleCancellation
WARNING: Unmatched cancel notification for request id 290
2026.06.05 14:23:34 INFO  no build target found for /home/arunvarshan/ADSProject/02_ALU/src/test/scala/alu_tb.scala. Using presentation compiler with project's scala-library version: 3.3.7[0m
2026.06.05 14:23:42 INFO  no build target found for /home/arunvarshan/ADSProject/02_ALU/src/test/scala/alu_tb.scala. Using presentation compiler with project's scala-library version: 3.3.7[0m
2026.06.05 14:25:11 INFO  no build target found for /home/arunvarshan/ADSProject/02_ALU/src/test/scala/alu_tb.scala. Using presentation compiler with project's scala-library version: 3.3.7[0m
2026.06.05 14:25:13 INFO  no build target found for /home/arunvarshan/ADSProject/02_ALU/src/test/scala/alu_tb.scala. Using presentation compiler with project's scala-library version: 3.3.7[0m
2026.06.05 14:32:21 INFO  no build target found for /home/arunvarshan/ADSProject/02_ALU/src/main/scala/ALU.scala. Using presentation compiler with project's scala-library version: 3.3.7[0m
2026.06.05 14:32:21 WARN  no build target for: /home/arunvarshan/ADSProject/02_ALU/src/main/scala/ALU.scala[0m
Jun 05, 2026 2:32:21 PM org.eclipse.lsp4j.jsonrpc.RemoteEndpoint handleCancellation
WARNING: Unmatched cancel notification for request id 431
2026.06.05 14:32:21 INFO  no build target found for /home/arunvarshan/ADSProject/02_ALU/src/main/scala/ALU.scala. Using presentation compiler with project's scala-library version: 3.3.7[0m
2026.06.05 14:32:21 INFO  no build target found for /home/arunvarshan/ADSProject/02_ALU/src/main/scala/ALU.scala. Using presentation compiler with project's scala-library version: 3.3.7[0m
2026.06.05 14:32:21 INFO  no build target found for /home/arunvarshan/ADSProject/02_ALU/src/main/scala/ALU.scala. Using presentation compiler with project's scala-library version: 3.3.7[0m
2026.06.05 14:32:21 INFO  no build target found for /home/arunvarshan/ADSProject/02_ALU/src/main/scala/ALU.scala. Using presentation compiler with project's scala-library version: 3.3.7[0m
2026.06.05 14:34:17 INFO  no build target found for /home/arunvarshan/ADSProject/02_ALU/src/main/scala/ALU.scala. Using presentation compiler with project's scala-library version: 3.3.7[0m
2026.06.05 14:39:48 INFO  no build target found for /home/arunvarshan/ADSProject/02_ALU/src/main/scala/ALU.scala. Using presentation compiler with project's scala-library version: 3.3.7[0m
2026.06.05 14:39:57 INFO  no build target found for /home/arunvarshan/ADSProject/02_ALU/src/main/scala/ALU.scala. Using presentation compiler with project's scala-library version: 3.3.7[0m
2026.06.05 14:39:57 INFO  no build target found for /home/arunvarshan/ADSProject/02_ALU/src/main/scala/ALU.scala. Using presentation compiler with project's scala-library version: 3.3.7[0m
2026.06.05 14:40:09 INFO  no build target found for /home/arunvarshan/ADSProject/02_ALU/src/main/scala/ALU.scala. Using presentation compiler with project's scala-library version: 3.3.7[0m
2026.06.05 14:40:09 INFO  no build target found for /home/arunvarshan/ADSProject/02_ALU/src/main/scala/ALU.scala. Using presentation compiler with project's scala-library version: 3.3.7[0m
2026.06.05 14:40:10 INFO  no build target found for /home/arunvarshan/ADSProject/02_ALU/src/main/scala/ALU.scala. Using presentation compiler with project's scala-library version: 3.3.7[0m
2026.06.05 14:40:10 INFO  no build target found for /home/arunvarshan/ADSProject/02_ALU/src/main/scala/ALU.scala. Using presentation compiler with project's scala-library version: 3.3.7[0m
2026.06.05 14:40:10 INFO  no build target found for /home/arunvarshan/ADSProject/02_ALU/src/main/scala/ALU.scala. Using presentation compiler with project's scala-library version: 3.3.7[0m
2026.06.05 14:40:12 INFO  no build target found for /home/arunvarshan/ADSProject/02_ALU/src/main/scala/ALU.scala. Using presentation compiler with project's scala-library version: 3.3.7[0m
2026.06.05 14:40:12 INFO  no build target found for /home/arunvarshan/ADSProject/02_ALU/src/main/scala/ALU.scala. Using presentation compiler with project's scala-library version: 3.3.7[0m
2026.06.05 14:40:14 INFO  no build target found for /home/arunvarshan/ADSProject/02_ALU/src/main/scala/ALU.scala. Using presentation compiler with project's scala-library version: 3.3.7[0m
2026.06.05 14:40:14 INFO  no build target found for /home/arunvarshan/ADSProject/02_ALU/src/main/scala/ALU.scala. Using presentation compiler with project's scala-library version: 3.3.7[0m
2026.06.05 14:40:14 INFO  no build target found for /home/arunvarshan/ADSProject/02_ALU/src/main/scala/ALU.scala. Using presentation compiler with project's scala-library version: 3.3.7[0m
Jun 05, 2026 2:40:15 PM org.eclipse.lsp4j.jsonrpc.RemoteEndpoint handleCancellation
WARNING: Unmatched cancel notification for request id 474
2026.06.05 14:41:04 INFO  no build target found for /home/arunvarshan/ADSProject/02_ALU/src/test/scala/alu_tb.scala. Using presentation compiler with project's scala-library version: 3.3.7[0m
2026.06.05 14:41:04 WARN  no build target for: /home/arunvarshan/ADSProject/02_ALU/src/test/scala/alu_tb.scala[0m
Jun 05, 2026 2:41:04 PM org.eclipse.lsp4j.jsonrpc.RemoteEndpoint handleCancellation
WARNING: Unmatched cancel notification for request id 489
2026.06.05 14:41:04 INFO  no build target found for /home/arunvarshan/ADSProject/02_ALU/src/test/scala/alu_tb.scala. Using presentation compiler with project's scala-library version: 3.3.7[0m
2026.06.05 14:41:04 INFO  no build target found for /home/arunvarshan/ADSProject/02_ALU/src/test/scala/alu_tb.scala. Using presentation compiler with project's scala-library version: 3.3.7[0m
2026.06.05 14:41:04 INFO  no build target found for /home/arunvarshan/ADSProject/02_ALU/src/test/scala/alu_tb.scala. Using presentation compiler with project's scala-library version: 3.3.7[0m
2026.06.05 14:41:06 INFO  no build target found for /home/arunvarshan/ADSProject/02_ALU/src/test/scala/alu_tb.scala. Using presentation compiler with project's scala-library version: 3.3.7[0m
2026.06.05 14:41:12 INFO  no build target found for /home/arunvarshan/ADSProject/02_ALU/src/test/scala/alu_tb.scala. Using presentation compiler with project's scala-library version: 3.3.7[0m
2026.06.05 14:41:14 INFO  no build target found for /home/arunvarshan/ADSProject/02_ALU/src/test/scala/alu_tb.scala. Using presentation compiler with project's scala-library version: 3.3.7[0m
2026.06.05 14:41:17 INFO  no build target found for /home/arunvarshan/ADSProject/02_ALU/src/test/scala/alu_tb.scala. Using presentation compiler with project's scala-library version: 3.3.7[0m
2026.06.05 14:41:20 INFO  no build target found for /home/arunvarshan/ADSProject/02_ALU/src/test/scala/alu_tb.scala. Using presentation compiler with project's scala-library version: 3.3.7[0m
2026.06.05 14:41:21 INFO  no build target found for /home/arunvarshan/ADSProject/02_ALU/src/test/scala/alu_tb.scala. Using presentation compiler with project's scala-library version: 3.3.7[0m
2026.06.05 14:41:21 INFO  no build target found for /home/arunvarshan/ADSProject/02_ALU/src/test/scala/alu_tb.scala. Using presentation compiler with project's scala-library version: 3.3.7[0m
2026.06.05 14:41:24 INFO  no build target found for /home/arunvarshan/ADSProject/02_ALU/src/test/scala/alu_tb.scala. Using presentation compiler with project's scala-library version: 3.3.7[0m
2026.06.05 14:41:24 INFO  no build target found for /home/arunvarshan/ADSProject/02_ALU/src/test/scala/alu_tb.scala. Using presentation compiler with project's scala-library version: 3.3.7[0m
2026.06.05 14:41:27 INFO  no build target found for /home/arunvarshan/ADSProject/02_ALU/src/test/scala/alu_tb.scala. Using presentation compiler with project's scala-library version: 3.3.7[0m
2026.06.05 14:41:27 INFO  no build target found for /home/arunvarshan/ADSProject/02_ALU/src/test/scala/alu_tb.scala. Using presentation compiler with project's scala-library version: 3.3.7[0m
2026.06.05 14:41:29 INFO  no build target found for /home/arunvarshan/ADSProject/02_ALU/src/test/scala/alu_tb.scala. Using presentation compiler with project's scala-library version: 3.3.7[0m
2026.06.05 14:41:34 INFO  no build target found for /home/arunvarshan/ADSProject/02_ALU/src/test/scala/alu_tb.scala. Using presentation compiler with project's scala-library version: 3.3.7[0m
2026.06.05 14:41:34 INFO  no build target found for /home/arunvarshan/ADSProject/02_ALU/src/test/scala/alu_tb.scala. Using presentation compiler with project's scala-library version: 3.3.7[0m
2026.06.05 14:41:34 INFO  no build target found for /home/arunvarshan/ADSProject/02_ALU/src/test/scala/alu_tb.scala. Using presentation compiler with project's scala-library version: 3.3.7[0m
2026.06.05 14:41:35 INFO  no build target found for /home/arunvarshan/ADSProject/02_ALU/src/test/scala/alu_tb.scala. Using presentation compiler with project's scala-library version: 3.3.7[0m
2026.06.05 14:41:35 INFO  no build target found for /home/arunvarshan/ADSProject/02_ALU/src/test/scala/alu_tb.scala. Using presentation compiler with project's scala-library version: 3.3.7[0m
2026.06.05 14:41:35 INFO  no build target found for /home/arunvarshan/ADSProject/02_ALU/src/test/scala/alu_tb.scala. Using presentation compiler with project's scala-library version: 3.3.7[0m
2026.06.05 14:41:35 INFO  no build target found for /home/arunvarshan/ADSProject/02_ALU/src/test/scala/alu_tb.scala. Using presentation compiler with project's scala-library version: 3.3.7[0m
2026.06.05 14:41:35 INFO  no build target found for /home/arunvarshan/ADSProject/02_ALU/src/test/scala/alu_tb.scala. Using presentation compiler with project's scala-library version: 3.3.7[0m
2026.06.05 14:41:36 INFO  no build target found for /home/arunvarshan/ADSProject/02_ALU/src/test/scala/alu_tb.scala. Using presentation compiler with project's scala-library version: 3.3.7[0m
2026.06.05 14:41:36 INFO  no build target found for /home/arunvarshan/ADSProject/02_ALU/src/test/scala/alu_tb.scala. Using presentation compiler with project's scala-library version: 3.3.7[0m
2026.06.05 14:41:37 INFO  no build target found for /home/arunvarshan/ADSProject/02_ALU/src/test/scala/alu_tb.scala. Using presentation compiler with project's scala-library version: 3.3.7[0m
2026.06.05 14:41:40 INFO  no build target found for /home/arunvarshan/ADSProject/02_ALU/src/test/scala/alu_tb.scala. Using presentation compiler with project's scala-library version: 3.3.7[0m
2026.06.05 14:41:40 INFO  no build target found for /home/arunvarshan/ADSProject/02_ALU/src/test/scala/alu_tb.scala. Using presentation compiler with project's scala-library version: 3.3.7[0m
2026.06.05 14:42:07 INFO  no build target found for /home/arunvarshan/ADSProject/02_ALU/src/test/scala/alu_tb.scala. Using presentation compiler with project's scala-library version: 3.3.7[0m
2026.06.05 14:42:07 INFO  no build target found for /home/arunvarshan/ADSProject/02_ALU/src/test/scala/alu_tb.scala. Using presentation compiler with project's scala-library version: 3.3.7[0m
2026.06.05 14:42:09 INFO  no build target found for /home/arunvarshan/ADSProject/02_ALU/src/test/scala/alu_tb.scala. Using presentation compiler with project's scala-library version: 3.3.7[0m
2026.06.05 14:42:11 INFO  no build target found for /home/arunvarshan/ADSProject/02_ALU/src/test/scala/alu_tb.scala. Using presentation compiler with project's scala-library version: 3.3.7[0m
2026.06.05 14:42:11 INFO  no build target found for /home/arunvarshan/ADSProject/02_ALU/src/test/scala/alu_tb.scala. Using presentation compiler with project's scala-library version: 3.3.7[0m
2026.06.05 14:42:11 INFO  no build target found for /home/arunvarshan/ADSProject/02_ALU/src/test/scala/alu_tb.scala. Using presentation compiler with project's scala-library version: 3.3.7[0m
2026.06.05 14:42:12 INFO  no build target found for /home/arunvarshan/ADSProject/02_ALU/src/test/scala/alu_tb.scala. Using presentation compiler with project's scala-library version: 3.3.7[0m
2026.06.05 14:42:15 INFO  no build target found for /home/arunvarshan/ADSProject/02_ALU/src/test/scala/alu_tb.scala. Using presentation compiler with project's scala-library version: 3.3.7[0m
2026.06.05 14:42:15 INFO  no build target found for /home/arunvarshan/ADSProject/02_ALU/src/test/scala/alu_tb.scala. Using presentation compiler with project's scala-library version: 3.3.7[0m
2026.06.05 14:42:15 INFO  no build target found for /home/arunvarshan/ADSProject/02_ALU/src/test/scala/alu_tb.scala. Using presentation compiler with project's scala-library version: 3.3.7[0m
2026.06.05 14:42:15 INFO  no build target found for /home/arunvarshan/ADSProject/02_ALU/src/test/scala/alu_tb.scala. Using presentation compiler with project's scala-library version: 3.3.7[0m
2026.06.05 14:42:16 INFO  no build target found for /home/arunvarshan/ADSProject/02_ALU/src/test/scala/alu_tb.scala. Using presentation compiler with project's scala-library version: 3.3.7[0m
2026.06.05 14:42:16 INFO  no build target found for /home/arunvarshan/ADSProject/02_ALU/src/test/scala/alu_tb.scala. Using presentation compiler with project's scala-library version: 3.3.7[0m
2026.06.05 14:42:16 INFO  no build target found for /home/arunvarshan/ADSProject/02_ALU/src/test/scala/alu_tb.scala. Using presentation compiler with project's scala-library version: 3.3.7[0m
2026.06.05 14:42:16 INFO  no build target found for /home/arunvarshan/ADSProject/02_ALU/src/test/scala/alu_tb.scala. Using presentation compiler with project's scala-library version: 3.3.7[0m
2026.06.05 14:42:18 INFO  no build target found for /home/arunvarshan/ADSProject/02_ALU/src/test/scala/alu_tb.scala. Using presentation compiler with project's scala-library version: 3.3.7[0m
2026.06.05 14:42:23 INFO  no build target found for /home/arunvarshan/ADSProject/02_ALU/src/test/scala/alu_tb.scala. Using presentation compiler with project's scala-library version: 3.3.7[0m
2026.06.05 14:42:23 INFO  no build target found for /home/arunvarshan/ADSProject/02_ALU/src/test/scala/alu_tb.scala. Using presentation compiler with project's scala-library version: 3.3.7[0m
2026.06.05 14:42:31 INFO  no build target found for /home/arunvarshan/ADSProject/02_ALU/src/test/scala/alu_tb.scala. Using presentation compiler with project's scala-library version: 3.3.7[0m
2026.06.05 14:42:31 INFO  no build target found for /home/arunvarshan/ADSProject/02_ALU/src/test/scala/alu_tb.scala. Using presentation compiler with project's scala-library version: 3.3.7[0m
2026.06.05 14:42:35 INFO  no build target found for /home/arunvarshan/ADSProject/02_ALU/src/test/scala/alu_tb.scala. Using presentation compiler with project's scala-library version: 3.3.7[0m
2026.06.05 14:42:39 INFO  no build target found for /home/arunvarshan/ADSProject/02_ALU/src/test/scala/alu_tb.scala. Using presentation compiler with project's scala-library version: 3.3.7[0m
2026.06.05 14:42:39 INFO  no build target found for /home/arunvarshan/ADSProject/02_ALU/src/test/scala/alu_tb.scala. Using presentation compiler with project's scala-library version: 3.3.7[0m
2026.06.05 14:42:39 INFO  no build target found for /home/arunvarshan/ADSProject/02_ALU/src/test/scala/alu_tb.scala. Using presentation compiler with project's scala-library version: 3.3.7[0m
2026.06.05 14:42:42 INFO  no build target found for /home/arunvarshan/ADSProject/02_ALU/src/test/scala/alu_tb.scala. Using presentation compiler with project's scala-library version: 3.3.7[0m
2026.06.05 14:42:44 INFO  no build target found for /home/arunvarshan/ADSProject/02_ALU/src/test/scala/alu_tb.scala. Using presentation compiler with project's scala-library version: 3.3.7[0m
2026.06.05 14:42:46 INFO  no build target found for /home/arunvarshan/ADSProject/02_ALU/src/test/scala/alu_tb.scala. Using presentation compiler with project's scala-library version: 3.3.7[0m
2026.06.05 14:42:47 INFO  no build target found for /home/arunvarshan/ADSProject/02_ALU/src/test/scala/alu_tb.scala. Using presentation compiler with project's scala-library version: 3.3.7[0m
2026.06.05 14:42:47 INFO  no build target found for /home/arunvarshan/ADSProject/02_ALU/src/test/scala/alu_tb.scala. Using presentation compiler with project's scala-library version: 3.3.7[0m
2026.06.05 14:42:49 INFO  no build target found for /home/arunvarshan/ADSProject/02_ALU/src/test/scala/alu_tb.scala. Using presentation compiler with project's scala-library version: 3.3.7[0m
2026.06.05 14:42:51 INFO  no build target found for /home/arunvarshan/ADSProject/02_ALU/src/test/scala/alu_tb.scala. Using presentation compiler with project's scala-library version: 3.3.7[0m
2026.06.05 14:42:51 INFO  no build target found for /home/arunvarshan/ADSProject/02_ALU/src/test/scala/alu_tb.scala. Using presentation compiler with project's scala-library version: 3.3.7[0m
2026.06.05 14:42:51 INFO  no build target found for /home/arunvarshan/ADSProject/02_ALU/src/test/scala/alu_tb.scala. Using presentation compiler with project's scala-library version: 3.3.7[0m
2026.06.05 14:42:52 INFO  no build target found for /home/arunvarshan/ADSProject/02_ALU/src/test/scala/alu_tb.scala. Using presentation compiler with project's scala-library version: 3.3.7[0m
2026.06.05 14:42:53 INFO  no build target found for /home/arunvarshan/ADSProject/02_ALU/src/test/scala/alu_tb.scala. Using presentation compiler with project's scala-library version: 3.3.7[0m
2026.06.05 14:42:53 INFO  no build target found for /home/arunvarshan/ADSProject/02_ALU/src/test/scala/alu_tb.scala. Using presentation compiler with project's scala-library version: 3.3.7[0m
2026.06.05 14:42:53 INFO  no build target found for /home/arunvarshan/ADSProject/02_ALU/src/test/scala/alu_tb.scala. Using presentation compiler with project's scala-library version: 3.3.7[0m
2026.06.05 14:42:53 INFO  no build target found for /home/arunvarshan/ADSProject/02_ALU/src/test/scala/alu_tb.scala. Using presentation compiler with project's scala-library version: 3.3.7[0m
2026.06.05 14:42:53 INFO  no build target found for /home/arunvarshan/ADSProject/02_ALU/src/test/scala/alu_tb.scala. Using presentation compiler with project's scala-library version: 3.3.7[0m
2026.06.05 14:42:53 INFO  no build target found for /home/arunvarshan/ADSProject/02_ALU/src/test/scala/alu_tb.scala. Using presentation compiler with project's scala-library version: 3.3.7[0m
2026.06.05 14:42:53 INFO  no build target found for /home/arunvarshan/ADSProject/02_ALU/src/test/scala/alu_tb.scala. Using presentation compiler with project's scala-library version: 3.3.7[0m
2026.06.05 14:42:54 INFO  no build target found for /home/arunvarshan/ADSProject/02_ALU/src/test/scala/alu_tb.scala. Using presentation compiler with project's scala-library version: 3.3.7[0m
2026.06.05 14:42:58 INFO  no build target found for /home/arunvarshan/ADSProject/02_ALU/src/test/scala/alu_tb.scala. Using presentation compiler with project's scala-library version: 3.3.7[0m
2026.06.05 14:43:31 INFO  no build target found for /home/arunvarshan/ADSProject/02_ALU/src/test/scala/alu_tb.scala. Using presentation compiler with project's scala-library version: 3.3.7[0m
2026.06.05 14:43:32 INFO  no build target found for /home/arunvarshan/ADSProject/02_ALU/src/test/scala/alu_tb.scala. Using presentation compiler with project's scala-library version: 3.3.7[0m
2026.06.05 14:43:34 INFO  no build target found for /home/arunvarshan/ADSProject/02_ALU/src/test/scala/alu_tb.scala. Using presentation compiler with project's scala-library version: 3.3.7[0m
2026.06.05 14:43:38 INFO  no build target found for /home/arunvarshan/ADSProject/02_ALU/src/test/scala/alu_tb.scala. Using presentation compiler with project's scala-library version: 3.3.7[0m
2026.06.05 14:43:38 INFO  no build target found for /home/arunvarshan/ADSProject/02_ALU/src/test/scala/alu_tb.scala. Using presentation compiler with project's scala-library version: 3.3.7[0m
2026.06.05 14:43:39 INFO  no build target found for /home/arunvarshan/ADSProject/02_ALU/src/test/scala/alu_tb.scala. Using presentation compiler with project's scala-library version: 3.3.7[0m
2026.06.05 14:43:39 INFO  no build target found for /home/arunvarshan/ADSProject/02_ALU/src/test/scala/alu_tb.scala. Using presentation compiler with project's scala-library version: 3.3.7[0m
2026.06.05 14:43:40 INFO  no build target found for /home/arunvarshan/ADSProject/02_ALU/src/test/scala/alu_tb.scala. Using presentation compiler with project's scala-library version: 3.3.7[0m
2026.06.05 14:43:40 INFO  no build target found for /home/arunvarshan/ADSProject/02_ALU/src/test/scala/alu_tb.scala. Using presentation compiler with project's scala-library version: 3.3.7[0m
2026.06.05 14:43:40 INFO  no build target found for /home/arunvarshan/ADSProject/02_ALU/src/test/scala/alu_tb.scala. Using presentation compiler with project's scala-library version: 3.3.7[0m
2026.06.05 14:43:40 INFO  no build target found for /home/arunvarshan/ADSProject/02_ALU/src/test/scala/alu_tb.scala. Using presentation compiler with project's scala-library version: 3.3.7[0m
2026.06.05 14:43:42 INFO  no build target found for /home/arunvarshan/ADSProject/02_ALU/src/test/scala/alu_tb.scala. Using presentation compiler with project's scala-library version: 3.3.7[0m
2026.06.05 14:43:42 INFO  no build target found for /home/arunvarshan/ADSProject/02_ALU/src/test/scala/alu_tb.scala. Using presentation compiler with project's scala-library version: 3.3.7[0m
2026.06.05 14:43:43 INFO  no build target found for /home/arunvarshan/ADSProject/02_ALU/src/test/scala/alu_tb.scala. Using presentation compiler with project's scala-library version: 3.3.7[0m
Jun 05, 2026 2:43:43 PM org.eclipse.lsp4j.jsonrpc.RemoteEndpoint handleCancellation
WARNING: Unmatched cancel notification for request id 857
2026.06.05 14:43:45 INFO  no build target found for /home/arunvarshan/ADSProject/02_ALU/src/test/scala/alu_tb.scala. Using presentation compiler with project's scala-library version: 3.3.7[0m
2026.06.05 14:43:46 INFO  no build target found for /home/arunvarshan/ADSProject/02_ALU/src/test/scala/alu_tb.scala. Using presentation compiler with project's scala-library version: 3.3.7[0m
2026.06.05 14:43:49 INFO  no build target found for /home/arunvarshan/ADSProject/02_ALU/src/test/scala/alu_tb.scala. Using presentation compiler with project's scala-library version: 3.3.7[0m
2026.06.05 14:43:49 INFO  no build target found for /home/arunvarshan/ADSProject/02_ALU/src/test/scala/alu_tb.scala. Using presentation compiler with project's scala-library version: 3.3.7[0m
2026.06.05 14:43:49 INFO  no build target found for /home/arunvarshan/ADSProject/02_ALU/src/test/scala/alu_tb.scala. Using presentation compiler with project's scala-library version: 3.3.7[0m
2026.06.05 14:43:50 INFO  no build target found for /home/arunvarshan/ADSProject/02_ALU/src/test/scala/alu_tb.scala. Using presentation compiler with project's scala-library version: 3.3.7[0m
2026.06.05 14:43:50 INFO  no build target found for /home/arunvarshan/ADSProject/02_ALU/src/test/scala/alu_tb.scala. Using presentation compiler with project's scala-library version: 3.3.7[0m
2026.06.05 14:43:50 INFO  no build target found for /home/arunvarshan/ADSProject/02_ALU/src/test/scala/alu_tb.scala. Using presentation compiler with project's scala-library version: 3.3.7[0m
2026.06.05 14:43:50 INFO  no build target found for /home/arunvarshan/ADSProject/02_ALU/src/test/scala/alu_tb.scala. Using presentation compiler with project's scala-library version: 3.3.7[0m
2026.06.05 14:43:50 INFO  no build target found for /home/arunvarshan/ADSProject/02_ALU/src/test/scala/alu_tb.scala. Using presentation compiler with project's scala-library version: 3.3.7[0m
2026.06.05 14:43:50 INFO  no build target found for /home/arunvarshan/ADSProject/02_ALU/src/test/scala/alu_tb.scala. Using presentation compiler with project's scala-library version: 3.3.7[0m
2026.06.05 14:43:51 INFO  no build target found for /home/arunvarshan/ADSProject/02_ALU/src/test/scala/alu_tb.scala. Using presentation compiler with project's scala-library version: 3.3.7[0m
2026.06.05 14:43:51 INFO  no build target found for /home/arunvarshan/ADSProject/02_ALU/src/test/scala/alu_tb.scala. Using presentation compiler with project's scala-library version: 3.3.7[0m
2026.06.05 14:43:51 INFO  no build target found for /home/arunvarshan/ADSProject/02_ALU/src/test/scala/alu_tb.scala. Using presentation compiler with project's scala-library version: 3.3.7[0m
2026.06.05 14:43:53 INFO  no build target found for /home/arunvarshan/ADSProject/02_ALU/src/test/scala/alu_tb.scala. Using presentation compiler with project's scala-library version: 3.3.7[0m
2026.06.05 14:43:53 INFO  no build target found for /home/arunvarshan/ADSProject/02_ALU/src/test/scala/alu_tb.scala. Using presentation compiler with project's scala-library version: 3.3.7[0m
2026.06.05 14:43:53 INFO  no build target found for /home/arunvarshan/ADSProject/02_ALU/src/test/scala/alu_tb.scala. Using presentation compiler with project's scala-library version: 3.3.7[0m
2026.06.05 14:43:55 INFO  no build target found for /home/arunvarshan/ADSProject/02_ALU/src/test/scala/alu_tb.scala. Using presentation compiler with project's scala-library version: 3.3.7[0m
2026.06.05 14:43:55 INFO  no build target found for /home/arunvarshan/ADSProject/02_ALU/src/test/scala/alu_tb.scala. Using presentation compiler with project's scala-library version: 3.3.7[0m
2026.06.05 14:43:57 INFO  no build target found for /home/arunvarshan/ADSProject/02_ALU/src/test/scala/alu_tb.scala. Using presentation compiler with project's scala-library version: 3.3.7[0m
2026.06.05 14:43:57 INFO  no build target found for /home/arunvarshan/ADSProject/02_ALU/src/test/scala/alu_tb.scala. Using presentation compiler with project's scala-library version: 3.3.7[0m
2026.06.05 14:43:57 INFO  no build target found for /home/arunvarshan/ADSProject/02_ALU/src/test/scala/alu_tb.scala. Using presentation compiler with project's scala-library version: 3.3.7[0m
2026.06.05 14:43:57 INFO  no build target found for /home/arunvarshan/ADSProject/02_ALU/src/test/scala/alu_tb.scala. Using presentation compiler with project's scala-library version: 3.3.7[0m
2026.06.05 14:43:57 INFO  no build target found for /home/arunvarshan/ADSProject/02_ALU/src/test/scala/alu_tb.scala. Using presentation compiler with project's scala-library version: 3.3.7[0m
2026.06.05 14:43:58 INFO  no build target found for /home/arunvarshan/ADSProject/02_ALU/src/test/scala/alu_tb.scala. Using presentation compiler with project's scala-library version: 3.3.7[0m
2026.06.05 14:43:58 INFO  no build target found for /home/arunvarshan/ADSProject/02_ALU/src/test/scala/alu_tb.scala. Using presentation compiler with project's scala-library version: 3.3.7[0m
2026.06.05 14:43:58 INFO  no build target found for /home/arunvarshan/ADSProject/02_ALU/src/test/scala/alu_tb.scala. Using presentation compiler with project's scala-library version: 3.3.7[0m
2026.06.05 14:43:59 INFO  no build target found for /home/arunvarshan/ADSProject/02_ALU/src/test/scala/alu_tb.scala. Using presentation compiler with project's scala-library version: 3.3.7[0m
Jun 05, 2026 2:43:59 PM org.eclipse.lsp4j.jsonrpc.RemoteEndpoint handleCancellation
WARNING: Unmatched cancel notification for request id 894
2026.06.05 14:43:59 INFO  no build target found for /home/arunvarshan/ADSProject/02_ALU/src/test/scala/alu_tb.scala. Using presentation compiler with project's scala-library version: 3.3.7[0m
2026.06.05 14:43:59 INFO  no build target found for /home/arunvarshan/ADSProject/02_ALU/src/test/scala/alu_tb.scala. Using presentation compiler with project's scala-library version: 3.3.7[0m
2026.06.05 14:44:00 INFO  no build target found for /home/arunvarshan/ADSProject/02_ALU/src/test/scala/alu_tb.scala. Using presentation compiler with project's scala-library version: 3.3.7[0m
2026.06.05 14:44:02 INFO  no build target found for /home/arunvarshan/ADSProject/02_ALU/src/test/scala/alu_tb.scala. Using presentation compiler with project's scala-library version: 3.3.7[0m
2026.06.05 14:44:02 INFO  no build target found for /home/arunvarshan/ADSProject/02_ALU/src/test/scala/alu_tb.scala. Using presentation compiler with project's scala-library version: 3.3.7[0m
2026.06.05 14:44:02 INFO  no build target found for /home/arunvarshan/ADSProject/02_ALU/src/test/scala/alu_tb.scala. Using presentation compiler with project's scala-library version: 3.3.7[0m
2026.06.05 14:44:05 INFO  no build target found for /home/arunvarshan/ADSProject/02_ALU/src/test/scala/alu_tb.scala. Using presentation compiler with project's scala-library version: 3.3.7[0m
2026.06.05 14:44:05 INFO  no build target found for /home/arunvarshan/ADSProject/02_ALU/src/test/scala/alu_tb.scala. Using presentation compiler with project's scala-library version: 3.3.7[0m
2026.06.05 14:44:06 INFO  no build target found for /home/arunvarshan/ADSProject/02_ALU/src/test/scala/alu_tb.scala. Using presentation compiler with project's scala-library version: 3.3.7[0m
2026.06.05 14:44:06 INFO  no build target found for /home/arunvarshan/ADSProject/02_ALU/src/test/scala/alu_tb.scala. Using presentation compiler with project's scala-library version: 3.3.7[0m
2026.06.05 14:44:07 INFO  no build target found for /home/arunvarshan/ADSProject/02_ALU/src/test/scala/alu_tb.scala. Using presentation compiler with project's scala-library version: 3.3.7[0m
2026.06.05 14:44:07 INFO  no build target found for /home/arunvarshan/ADSProject/02_ALU/src/test/scala/alu_tb.scala. Using presentation compiler with project's scala-library version: 3.3.7[0m
2026.06.05 14:44:09 INFO  no build target found for /home/arunvarshan/ADSProject/02_ALU/src/test/scala/alu_tb.scala. Using presentation compiler with project's scala-library version: 3.3.7[0m
2026.06.05 14:44:09 INFO  no build target found for /home/arunvarshan/ADSProject/02_ALU/src/test/scala/alu_tb.scala. Using presentation compiler with project's scala-library version: 3.3.7[0m
2026.06.05 14:44:09 INFO  no build target found for /home/arunvarshan/ADSProject/02_ALU/src/test/scala/alu_tb.scala. Using presentation compiler with project's scala-library version: 3.3.7[0m
2026.06.05 14:44:09 INFO  no build target found for /home/arunvarshan/ADSProject/02_ALU/src/test/scala/alu_tb.scala. Using presentation compiler with project's scala-library version: 3.3.7[0m
2026.06.05 14:44:09 INFO  no build target found for /home/arunvarshan/ADSProject/02_ALU/src/test/scala/alu_tb.scala. Using presentation compiler with project's scala-library version: 3.3.7[0m
2026.06.05 14:44:21 INFO  no build target found for /home/arunvarshan/ADSProject/02_ALU/src/test/scala/alu_tb.scala. Using presentation compiler with project's scala-library version: 3.3.7[0m
2026.06.05 14:44:21 INFO  no build target found for /home/arunvarshan/ADSProject/02_ALU/src/test/scala/alu_tb.scala. Using presentation compiler with project's scala-library version: 3.3.7[0m
2026.06.05 14:44:23 INFO  no build target found for /home/arunvarshan/ADSProject/02_ALU/src/test/scala/alu_tb.scala. Using presentation compiler with project's scala-library version: 3.3.7[0m
2026.06.05 14:44:23 INFO  no build target found for /home/arunvarshan/ADSProject/02_ALU/src/test/scala/alu_tb.scala. Using presentation compiler with project's scala-library version: 3.3.7[0m
2026.06.05 14:44:23 INFO  no build target found for /home/arunvarshan/ADSProject/02_ALU/src/test/scala/alu_tb.scala. Using presentation compiler with project's scala-library version: 3.3.7[0m
2026.06.05 14:44:25 INFO  no build target found for /home/arunvarshan/ADSProject/02_ALU/src/test/scala/alu_tb.scala. Using presentation compiler with project's scala-library version: 3.3.7[0m
2026.06.05 14:44:25 INFO  no build target found for /home/arunvarshan/ADSProject/02_ALU/src/test/scala/alu_tb.scala. Using presentation compiler with project's scala-library version: 3.3.7[0m
2026.06.05 14:44:25 INFO  no build target found for /home/arunvarshan/ADSProject/02_ALU/src/test/scala/alu_tb.scala. Using presentation compiler with project's scala-library version: 3.3.7[0m
2026.06.05 14:44:25 INFO  no build target found for /home/arunvarshan/ADSProject/02_ALU/src/test/scala/alu_tb.scala. Using presentation compiler with project's scala-library version: 3.3.7[0m
2026.06.05 14:44:25 INFO  no build target found for /home/arunvarshan/ADSProject/02_ALU/src/test/scala/alu_tb.scala. Using presentation compiler with project's scala-library version: 3.3.7[0m
2026.06.05 14:44:25 INFO  no build target found for /home/arunvarshan/ADSProject/02_ALU/src/test/scala/alu_tb.scala. Using presentation compiler with project's scala-library version: 3.3.7[0m
2026.06.05 14:44:26 INFO  no build target found for /home/arunvarshan/ADSProject/02_ALU/src/test/scala/alu_tb.scala. Using presentation compiler with project's scala-library version: 3.3.7[0m
2026.06.05 14:44:26 INFO  no build target found for /home/arunvarshan/ADSProject/02_ALU/src/test/scala/alu_tb.scala. Using presentation compiler with project's scala-library version: 3.3.7[0m
2026.06.05 14:44:26 INFO  no build target found for /home/arunvarshan/ADSProject/02_ALU/src/test/scala/alu_tb.scala. Using presentation compiler with project's scala-library version: 3.3.7[0m
2026.06.05 14:44:27 INFO  no build target found for /home/arunvarshan/ADSProject/02_ALU/src/test/scala/alu_tb.scala. Using presentation compiler with project's scala-library version: 3.3.7[0m
2026.06.05 14:44:27 INFO  no build target found for /home/arunvarshan/ADSProject/02_ALU/src/test/scala/alu_tb.scala. Using presentation compiler with project's scala-library version: 3.3.7[0m
2026.06.05 14:44:29 INFO  no build target found for /home/arunvarshan/ADSProject/02_ALU/src/test/scala/alu_tb.scala. Using presentation compiler with project's scala-library version: 3.3.7[0m
2026.06.05 14:44:30 INFO  no build target found for /home/arunvarshan/ADSProject/02_ALU/src/test/scala/alu_tb.scala. Using presentation compiler with project's scala-library version: 3.3.7[0m
2026.06.05 14:44:30 INFO  no build target found for /home/arunvarshan/ADSProject/02_ALU/src/test/scala/alu_tb.scala. Using presentation compiler with project's scala-library version: 3.3.7[0m
2026.06.05 14:44:30 INFO  no build target found for /home/arunvarshan/ADSProject/02_ALU/src/test/scala/alu_tb.scala. Using presentation compiler with project's scala-library version: 3.3.7[0m
2026.06.05 14:44:32 INFO  no build target found for /home/arunvarshan/ADSProject/02_ALU/src/test/scala/alu_tb.scala. Using presentation compiler with project's scala-library version: 3.3.7[0m
2026.06.05 14:44:32 INFO  no build target found for /home/arunvarshan/ADSProject/02_ALU/src/test/scala/alu_tb.scala. Using presentation compiler with project's scala-library version: 3.3.7[0m
2026.06.05 14:44:32 INFO  no build target found for /home/arunvarshan/ADSProject/02_ALU/src/test/scala/alu_tb.scala. Using presentation compiler with project's scala-library version: 3.3.7[0m
2026.06.05 14:44:32 INFO  no build target found for /home/arunvarshan/ADSProject/02_ALU/src/test/scala/alu_tb.scala. Using presentation compiler with project's scala-library version: 3.3.7[0m
2026.06.05 14:44:32 INFO  no build target found for /home/arunvarshan/ADSProject/02_ALU/src/test/scala/alu_tb.scala. Using presentation compiler with project's scala-library version: 3.3.7[0m
2026.06.05 14:44:32 INFO  no build target found for /home/arunvarshan/ADSProject/02_ALU/src/test/scala/alu_tb.scala. Using presentation compiler with project's scala-library version: 3.3.7[0m
2026.06.05 14:44:32 INFO  no build target found for /home/arunvarshan/ADSProject/02_ALU/src/test/scala/alu_tb.scala. Using presentation compiler with project's scala-library version: 3.3.7[0m
2026.06.05 14:44:32 INFO  no build target found for /home/arunvarshan/ADSProject/02_ALU/src/test/scala/alu_tb.scala. Using presentation compiler with project's scala-library version: 3.3.7[0m
2026.06.05 14:44:33 INFO  no build target found for /home/arunvarshan/ADSProject/02_ALU/src/test/scala/alu_tb.scala. Using presentation compiler with project's scala-library version: 3.3.7[0m
2026.06.05 14:44:33 INFO  no build target found for /home/arunvarshan/ADSProject/02_ALU/src/test/scala/alu_tb.scala. Using presentation compiler with project's scala-library version: 3.3.7[0m
Jun 05, 2026 2:44:33 PM org.eclipse.lsp4j.jsonrpc.RemoteEndpoint handleCancellation
WARNING: Unmatched cancel notification for request id 988
2026.06.05 14:44:33 INFO  no build target found for /home/arunvarshan/ADSProject/02_ALU/src/test/scala/alu_tb.scala. Using presentation compiler with project's scala-library version: 3.3.7[0m
2026.06.05 14:44:33 INFO  no build target found for /home/arunvarshan/ADSProject/02_ALU/src/test/scala/alu_tb.scala. Using presentation compiler with project's scala-library version: 3.3.7[0m
2026.06.05 14:44:33 INFO  no build target found for /home/arunvarshan/ADSProject/02_ALU/src/test/scala/alu_tb.scala. Using presentation compiler with project's scala-library version: 3.3.7[0m
2026.06.05 14:44:34 INFO  no build target found for /home/arunvarshan/ADSProject/02_ALU/src/test/scala/alu_tb.scala. Using presentation compiler with project's scala-library version: 3.3.7[0m
2026.06.05 14:44:36 INFO  no build target found for /home/arunvarshan/ADSProject/02_ALU/src/test/scala/alu_tb.scala. Using presentation compiler with project's scala-library version: 3.3.7[0m
2026.06.05 14:44:38 INFO  no build target found for /home/arunvarshan/ADSProject/02_ALU/src/test/scala/alu_tb.scala. Using presentation compiler with project's scala-library version: 3.3.7[0m
2026.06.05 14:44:38 INFO  no build target found for /home/arunvarshan/ADSProject/02_ALU/src/test/scala/alu_tb.scala. Using presentation compiler with project's scala-library version: 3.3.7[0m
2026.06.05 14:44:38 INFO  no build target found for /home/arunvarshan/ADSProject/02_ALU/src/test/scala/alu_tb.scala. Using presentation compiler with project's scala-library version: 3.3.7[0m
2026.06.05 14:44:38 INFO  no build target found for /home/arunvarshan/ADSProject/02_ALU/src/test/scala/alu_tb.scala. Using presentation compiler with project's scala-library version: 3.3.7[0m
2026.06.05 14:44:40 INFO  no build target found for /home/arunvarshan/ADSProject/02_ALU/src/test/scala/alu_tb.scala. Using presentation compiler with project's scala-library version: 3.3.7[0m
2026.06.05 14:44:40 INFO  no build target found for /home/arunvarshan/ADSProject/02_ALU/src/test/scala/alu_tb.scala. Using presentation compiler with project's scala-library version: 3.3.7[0m
2026.06.05 14:44:49 INFO  no build target found for /home/arunvarshan/ADSProject/02_ALU/src/test/scala/alu_tb.scala. Using presentation compiler with project's scala-library version: 3.3.7[0m
2026.06.05 14:44:52 INFO  no build target found for /home/arunvarshan/ADSProject/02_ALU/src/test/scala/alu_tb.scala. Using presentation compiler with project's scala-library version: 3.3.7[0m
2026.06.05 14:44:54 INFO  no build target found for /home/arunvarshan/ADSProject/02_ALU/src/test/scala/alu_tb.scala. Using presentation compiler with project's scala-library version: 3.3.7[0m
2026.06.05 14:44:54 INFO  no build target found for /home/arunvarshan/ADSProject/02_ALU/src/test/scala/alu_tb.scala. Using presentation compiler with project's scala-library version: 3.3.7[0m
2026.06.05 14:44:56 INFO  no build target found for /home/arunvarshan/ADSProject/02_ALU/src/test/scala/alu_tb.scala. Using presentation compiler with project's scala-library version: 3.3.7[0m
2026.06.05 14:44:56 INFO  no build target found for /home/arunvarshan/ADSProject/02_ALU/src/test/scala/alu_tb.scala. Using presentation compiler with project's scala-library version: 3.3.7[0m
2026.06.05 14:44:56 INFO  no build target found for /home/arunvarshan/ADSProject/02_ALU/src/test/scala/alu_tb.scala. Using presentation compiler with project's scala-library version: 3.3.7[0m
2026.06.05 14:44:58 INFO  no build target found for /home/arunvarshan/ADSProject/02_ALU/src/test/scala/alu_tb.scala. Using presentation compiler with project's scala-library version: 3.3.7[0m
2026.06.05 14:45:00 INFO  no build target found for /home/arunvarshan/ADSProject/02_ALU/src/test/scala/alu_tb.scala. Using presentation compiler with project's scala-library version: 3.3.7[0m
2026.06.05 14:45:01 INFO  no build target found for /home/arunvarshan/ADSProject/02_ALU/src/test/scala/alu_tb.scala. Using presentation compiler with project's scala-library version: 3.3.7[0m
2026.06.05 14:45:07 INFO  no build target found for /home/arunvarshan/ADSProject/02_ALU/src/test/scala/alu_tb.scala. Using presentation compiler with project's scala-library version: 3.3.7[0m
2026.06.05 14:54:15 INFO  Shutting down server[0m
2026.06.05 14:54:15 INFO  Memory monitor stopped[0m
2026.06.05 14:54:15 INFO  shutting down Metals[0m
2026.06.05 14:54:15 INFO  Exiting server[0m
2026.06.05 14:54:15 ERROR Unexpected error initializing server: 
org.eclipse.lsp4j.jsonrpc.ResponseErrorException: Request window/showMessageRequest failed with message: Canceled
	at org.eclipse.lsp4j.jsonrpc.RemoteEndpoint.handleResponse(RemoteEndpoint.java:214)
	at org.eclipse.lsp4j.jsonrpc.RemoteEndpoint.consume(RemoteEndpoint.java:198)
	at org.eclipse.lsp4j.jsonrpc.json.StreamMessageProducer.handleMessage(StreamMessageProducer.java:189)
	at org.eclipse.lsp4j.jsonrpc.json.StreamMessageProducer.listen(StreamMessageProducer.java:97)
	at org.eclipse.lsp4j.jsonrpc.json.ConcurrentMessageProcessor.run(ConcurrentMessageProcessor.java:97)
	at java.util.concurrent.Executors$RunnableAdapter.call(Executors.java:539)
	at java.util.concurrent.FutureTask.run(FutureTask.java:264)
	at java.util.concurrent.ThreadPoolExecutor.runWorker(ThreadPoolExecutor.java:1136)
	at java.util.concurrent.ThreadPoolExecutor$Worker.run(ThreadPoolExecutor.java:635)
	at java.lang.Thread.run(Thread.java:840)
[0m
